GET http://localhost:8000/shipment?id=d6a57b55-42fe-4579-971f-c2f83297e0af (307) 0.0s
GET http://localhost:8000/shipment/?id=d6a57b55-42fe-4579-971f-c2f83297e0af (200) 0.16s
GET http://localhost:8000/shipment?id=d6a57b55-42fe-4579-971f-c2f83297e0af (307) 0.0s
GET http://localhost:8000/shipment/?id=d6a57b55-42fe-4579-971f-c2f83297e0af (200) 0.09s
GET http://localhost:8000/docs (200) 0.0s
GET http://localhost:8000/openapi.json (200) 0.05s
GET http://test/ (200) 0.0s
GET http://test/ (200) 0.0s
GET http://test/ (200) 0.0s
GET http://test/ (200) 0.0s
GET http://test/ (200) 0.0s
GET http://test/ (200) 0.0s
GET http://test/ (200) 0.0s
POST http://test/seller/login/ (307) 0.0s
GET http://test/ (200) 0.0s
POST http://test/seller/login/ (307) 0.0s
GET http://test/ (200) 0.0s
POST http://test/seller/login/ (307) 0.0s
GET http://test/ (200) 0.0s
POST http://test/seller/login (200) 0.04s
GET http://test/ (200) 0.0s
POST http://test/seller/login (200) 0.09s
GET http://test/ (200) 0.0s
POST http://test/seller/login (200) 0.04s
GET http://test/ (200) 0.0s
GET http://test/ (200) 0.0s
POST http://test/seller/login (200) 0.05s
POST http://test/shipment (307) 0.0s
GET http://test/ (200) 0.0s
POST http://test/seller/login (200) 0.04s
POST http://test/shipment/ (406) 0.01s
GET http://test/ (200) 0.0s
POST http://test/seller/login (200) 0.05s
POST http://test/shipment (307) 0.0s
GET http://test/ (200) 0.0s
POST http://test/seller/login (200) 0.05s
POST http://test/shipment (307) 0.0s
GET http://test/ (200) 0.0s
POST http://test/seller/login (200) 0.04s
POST http://test/shipment/ (406) 0.01s
GET http://test/ (200) 0.0s
POST http://test/seller/login (200) 0.05s
GET http://test/ (200) 0.0s
POST http://test/seller/login (200) 0.04s
GET http://test/ (200) 0.0s
POST http://test/seller/login (200) 0.04s
POST http://test/shipment/ (201) 0.01s
GET http://test/ (200) 0.0s
POST http://test/seller/login (200) 0.04s
POST http://test/shipment/ (201) 0.02s
GET http://test/ (200) 0.0s
POST http://test/seller/login (200) 0.04s
POST http://test/shipment/ (201) 0.01s
GET http://test/ (200) 0.0s
POST http://test/seller/login (200) 0.04s
POST http://test/shipment/ (201) 0.01s
GET http://test/ (200) 0.0s
POST http://test/seller/login (200) 0.04s
POST http://test/shipment/ (201) 0.01s
GET http://test/ (200) 0.0s
POST http://test/seller/login (200) 0.04s
POST http://test/shipment/ (201) 0.01s
GET http://test/ (200) 0.0s
POST http://test/seller/login (200) 0.04s
POST http://test/shipment/ (201) 0.01s
GET http://test/ (200) 0.0s
POST http://test/seller/login (200) 0.04s
POST http://test/shipment/ (201) 0.01s
GET http://test/ (200) 0.0s
POST http://test/seller/login (200) 0.04s
POST http://test/shipment/ (201) 0.01s
GET http://test/ (200) 0.0s
POST http://test/seller/login (200) 0.05s
POST http://test/shipment/ (201) 0.01s
GET http://test/ (200) 0.0s
POST http://test/seller/login (200) 0.05s
POST http://test/shipment/ (201) 0.02s
GET http://test/shipment/?id= (401) 0.0s
GET http://test/ (200) 0.0s
POST http://test/seller/login (200) 0.04s
POST http://test/shipment/ (201) 0.02s
GET http://test/ (200) 0.0s
POST http://test/seller/login (200) 0.04s
POST http://test/shipment/ (201) 0.02s
GET http://test/ (200) 0.0s
POST http://test/seller/login (200) 0.04s
POST http://test/shipment/ (201) 0.01s
GET http://test/shipment/?id= (422) 0.01s
GET http://test/ (200) 0.0s
POST http://test/seller/login (200) 0.04s
POST http://test/shipment/ (201) 0.02s
GET http://test/shipment/?id=eb9d5b7a-0baf-4efb-b9c7-97fcfa8a6274 (200) 0.01s
GET http://test/ (200) 0.0s
POST http://test/seller/login (200) 0.05s
POST http://test/shipment/ (201) 0.01s
GET http://test/shipment/?id=b255b9c3-38c9-4338-8bd4-eb5111602c2e (200) 0.01s
GET http://test/ (200) 0.0s
POST http://test/seller/login (200) 0.05s
POST http://test/shipment/ (201) 0.02s
GET http://test/shipment/?id=64473d62-510c-475a-b1a4-aefffc320683 (200) 0.01s
GET http://test/ (200) 0.0s
POST http://test/seller/login (200) 0.04s
POST http://test/shipment/ (201) 0.02s
GET http://test/shipment/?id=b13bcc27-1517-45c2-9fc1-358ea25fe66f (200) 0.01s
GET http://test/ (200) 0.0s
POST http://test/seller/login (200) 0.04s
POST http://test/shipment/ (201) 0.02s
GET http://test/shipment/?id=7856e292-2b91-4abb-909b-60c12f35215f (200) 0.01s
PATCH http://test/shipment/?id=7856e292-2b91-4abb-909b-60c12f35215f (401) 0.0s
GET http://test/ (200) 0.0s
POST http://test/seller/login (200) 0.04s
POST http://test/shipment/ (201) 0.02s
GET http://test/shipment/?id=51aeda47-b681-45c4-bb0c-c248376943e9 (200) 0.01s
POST http://test/partner/login (200) 0.04s
PATCH http://test/shipment/?id=51aeda47-b681-45c4-bb0c-c248376943e9 (200) 0.01s
GET http://test/ (200) 0.0s
POST http://test/seller/login (200) 0.05s
POST http://test/shipment/ (201) 0.02s
GET http://test/shipment/?id=9bab7c7a-81dc-4fee-9664-bcaf59036fed (200) 0.01s
POST http://test/partner/login (200) 0.04s
PATCH http://test/shipment/?id=9bab7c7a-81dc-4fee-9664-bcaf59036fed (200) 0.01s
GET http://test/ (200) 0.0s
POST http://test/seller/login (200) 0.04s
POST http://test/shipment/ (201) 0.02s
GET http://test/shipment/?id=162dff8f-c8b8-4384-bac2-7289fa98e666 (200) 0.01s
POST http://test/partner/login (200) 0.04s
PATCH http://test/shipment/?id=162dff8f-c8b8-4384-bac2-7289fa98e666 (200) 0.01s
GET http://test/ (200) 0.0s
POST http://test/seller/login (200) 0.04s
POST http://test/shipment/ (201) 0.02s
GET http://test/shipment/?id=47205208-3df7-4858-b1f3-e1db9fc6e94e (200) 0.01s
POST http://test/partner/login (200) 0.04s
PATCH http://test/shipment/?id=47205208-3df7-4858-b1f3-e1db9fc6e94e (200) 0.01s
GET http://test/ (200) 0.0s
POST http://test/seller/login (200) 0.04s
POST http://test/shipment/ (201) 0.02s
GET http://test/shipment/?id=46d7f146-e5b7-4489-97a8-8c45775c51ce (200) 0.01s
POST http://test/partner/login (200) 0.04s
PATCH http://test/shipment/?id=46d7f146-e5b7-4489-97a8-8c45775c51ce (200) 0.01s
GET http://test/ (200) 0.0s
POST http://test/seller/login (200) 0.04s
POST http://test/shipment/ (201) 0.02s
GET http://test/shipment/?id=82f3cbd7-5a86-46e1-9e74-7ea32b0171c4 (200) 0.01s
POST http://test/partner/login (200) 0.04s
PATCH http://test/shipment/?id=82f3cbd7-5a86-46e1-9e74-7ea32b0171c4 (200) 0.01s
GET http://test/ (200) 0.0s
POST http://test/seller/login (200) 0.04s
POST http://test/shipment/ (201) 0.02s
GET http://test/shipment/?id=1fca04bc-81fd-4be4-9ba8-552456dab221 (200) 0.01s
POST http://test/partner/login (200) 0.04s
PATCH http://test/shipment/?id=1fca04bc-81fd-4be4-9ba8-552456dab221 (200) 0.01s
GET http://test/ (200) 0.0s
POST http://test/seller/login (200) 0.04s
POST http://test/shipment/ (201) 0.02s
GET http://test/shipment/?id=ca508cdc-e631-40ed-b8b4-da6c58840ac5 (200) 0.01s
POST http://test/partner/login (200) 0.04s
PATCH http://test/shipment/?id=ca508cdc-e631-40ed-b8b4-da6c58840ac5 (200) 0.01s
GET http://test/ (200) 0.0s
POST http://test/seller/login (200) 0.04s
POST http://test/shipment/ (201) 0.01s
GET http://test/shipment/?id=b90c4eb2-4018-4669-bff8-5d9077702ff7 (200) 0.01s
POST http://test/partner/login (200) 0.04s
PATCH http://test/shipment/?id=b90c4eb2-4018-4669-bff8-5d9077702ff7 (200) 0.01s
GET http://test/ (200) 0.0s
POST http://test/seller/login (200) 0.04s
POST http://test/shipment/ (201) 0.01s
GET http://test/shipment/?id=1063cb7e-a074-4938-829d-59db6e80f595 (200) 0.01s
POST http://test/partner/login (200) 0.04s
PATCH http://test/shipment/?id=1063cb7e-a074-4938-829d-59db6e80f595 (200) 0.01s
GET http://test/ (200) 0.0s
POST http://test/seller/login (200) 0.04s
POST http://test/shipment/ (201) 0.01s
GET http://test/shipment/?id=7303eeaf-b24d-4e9d-a757-760d894d32da (200) 0.01s
POST http://test/partner/login (200) 0.05s
PATCH http://test/shipment/?id=7303eeaf-b24d-4e9d-a757-760d894d32da (200) 0.01s
GET http://test/ (200) 0.0s
POST http://test/seller/login (200) 0.04s
POST http://test/shipment/ (201) 0.01s
GET http://test/shipment/?id=46220da5-71f5-4c6b-9a89-c9ea3262cb0b (200) 0.01s
POST http://test/partner/login (200) 0.04s
PATCH http://test/shipment/?id=46220da5-71f5-4c6b-9a89-c9ea3262cb0b (200) 0.01s
GET http://test/ (200) 0.0s
POST http://test/seller/login (200) 0.04s
POST http://test/shipment/ (201) 0.01s
GET http://test/shipment/?id=6f0ab419-5987-4b30-9d04-59ed292adf9d (200) 0.01s
POST http://test/partner/login (200) 0.04s
PATCH http://test/shipment/?id=6f0ab419-5987-4b30-9d04-59ed292adf9d (200) 0.01s
GET http://test/ (200) 0.0s
POST http://test/seller/login (200) 0.04s
POST http://test/shipment/ (201) 0.01s
GET http://test/shipment/?id=1dcaf1f2-98ae-4194-940b-356e3b0a30d4 (200) 0.01s
POST http://test/partner/login (200) 0.04s
PATCH http://test/shipment/?id=1dcaf1f2-98ae-4194-940b-356e3b0a30d4 (200) 0.01s
GET http://test/ (200) 0.0s
POST http://test/seller/login (200) 0.04s
POST http://test/shipment/ (201) 0.02s
GET http://test/shipment/?id=3aba50e5-8e9d-4bde-90ab-5dfbeff5e2b4 (200) 0.01s
POST http://test/partner/login (200) 0.04s
PATCH http://test/shipment/?id=3aba50e5-8e9d-4bde-90ab-5dfbeff5e2b4 (200) 0.01s
GET http://test/shipment/cancel?id=3aba50e5-8e9d-4bde-90ab-5dfbeff5e2b4 (200) 0.01s
GET http://test/ (200) 0.0s
POST http://test/seller/login (200) 0.04s
POST http://test/shipment/ (201) 0.05s
GET http://test/shipment/?id=9e7d5266-1f96-43b9-a123-f5c74e565679 (200) 0.01s
POST http://test/partner/login (200) 0.04s
PATCH http://test/shipment/?id=9e7d5266-1f96-43b9-a123-f5c74e565679 (200) 0.01s
GET http://test/shipment/cancel?id=9e7d5266-1f96-43b9-a123-f5c74e565679 (200) 0.01s
GET http://test/ (200) 0.0s
POST http://test/seller/login (200) 0.04s
POST http://test/shipment/ (201) 0.01s
GET http://test/shipment/?id=d9b6df38-badd-48d6-8456-8c7c7c2dda0b (200) 0.01s
POST http://test/partner/login (200) 0.04s
PATCH http://test/shipment/?id=d9b6df38-badd-48d6-8456-8c7c7c2dda0b (200) 0.01s
GET http://test/shipment/cancel?id=d9b6df38-badd-48d6-8456-8c7c7c2dda0b (200) 0.0s
GET http://localhost:8000/ (200) 0.0s
GET http://localhost:8000/favicon.ico (404) 0.0s
